[INFO] Welcome to Vextryn Air OS Kernel (x86_64)!
[INFO] PMM: Initializing...
[INFO] VMM: Initializing...
[INFO] KHeap: Initializing Slab Allocator...
[INFO] GOP: Framebuffer address 0xfd000000, size 3145728
[INFO] GOP: Framebuffer mapped successfully
[INFO] GOP: Clearing front buffer...
[INFO] GOP: Init complete
[INFO] IDT: Initializing...
[INFO] APIC: Initializing...
[INFO] APIC: initialized at base 0xfee00000
[INFO] Syscall: Initializing MSRs for SYSCALL/SYSRET...
[INFO] Scheduler: Initializing O(1) Scheduler...
[INFO] IPC: Initializing message queues...
[INFO] Kernel Core initialized successfully.
[INFO] VFS: root mounted
[INFO] INITRD: loaded 3 files
[INFO] NET: eth0 configured with IP 10.0.2.15
[INFO] INIT: PID 1 started
[INFO] GUI: compositor started at 60fps
[INFO] COMP MARK 1: compositor entry
[INFO] STORAGE: no persistent ATA disk; using session defaults
[INFO] COMP MARK 2: after compositor state initialization
[INFO] COMP STORAGE SAFE: initialization continued
[INFO] COMP MARK 3: immediately before first desktop render
[INFO] COMP MARK 4: immediately after first desktop render
[INFO] COMP MARK 5: immediately after first framebuffer flip/present
[INFO] COMP MARK 6: first loop iteration reached
[INFO] COMPOSITOR FRAME 60
[INFO] COMPOSITOR FRAME 120
