[INFO] Welcome to Vextryn Air OS Kernel (x86_64)!
[INFO] PMM: Initializing...
[INFO] VMM: Initializing...
[INFO] KHeap: Initializing Slab Allocator...
[INFO] GOP: Framebuffer address 0xfd000000, size 3145728
[INFO] GOP: Framebuffer mapped successfully
[INFO] GOP: Clearing front buffer...
[INFO] GOP: Init complete
[INFO] ACPI: initialized via memory scan RSDP at 0xf5280
[INFO] IDT: Initializing...
[INFO] APIC: Initializing...
[INFO] APIC: initialized at base 0xfee00000
[INFO] Syscall: Initializing MSRs for SYSCALL/SYSRET...
[INFO] Scheduler: Initializing O(1) Scheduler...
[INFO] IPC: Initializing message queues...
[INFO] Kernel Core initialized successfully.
[INFO] RTL8139: Found device at bus=0 slot=2 func=0
[INFO] RTL8139: I/O base = 0x0xc000
[INFO] RTL8139: PCI CMD before = 0x0x103
[INFO] RTL8139: PCI CMD after = 0x0x107
[INFO] RTL8139: Reset complete, CR=0x0x1
[INFO] RTL8139: MAC=0x52:0x54:0x0:0x12:0x34:0x56
[INFO] RTL8139: RX buffer phys=0x0x1377000 size=32784
[INFO] RTL8139: RBSTART = 0x0x1377000 (readback=0x0x1377000), CAPR init=0x0x0
[INFO] RTL8139: RCR = 0x0x1a8e (readback=0x0x1a8e)
[INFO] RTL8139: TCR = 0x0x3000701 (readback=0x0x74800000)
[INFO] RTL8139: CR set to 0x0xc (readback=0x0xd) [RE=1 TE=1]
[INFO] RTL8139: Init OK
[INFO] NET: rtl8139 MAC 0x52:0x54:0x0:0x12:0x34:0x56
[INFO] NET: Stack initialized successfully
[INFO] NET: ARP probe sent for gateway 10.0.2.2, polling...
[INFO] NET: ARP REPLY RECEIVED — RX PATH CONFIRMED WORKING (gateway MAC=0x52:0x55:0xa:0x0:0x2:0x2)
[INFO] NET: Starting DNS test...
[INFO] DNS: TIMEOUT waiting for response
[INFO] DNS SUCCESS: example.com resolved to 104.20.23.154
[INFO] NET: DNS test PASSED
[INFO] VFS: root mounted
[INFO] INITRD: loaded 3 files
[INFO] INIT: PID 1 started
[INFO] GUI: compositor started at 50fps
[INFO] COMP MARK 1: compositor entry
[INFO] VXRender: graphics context initialized (1024x768)
[INFO] STORAGE: no persistent ATA disk; using session defaults
[INFO] COMP MARK 2: after compositor state initialization
[INFO] GUI: compositor started at ~50fps
COMP MARK 3: immediately before first desktop render
COMP MARK 3A: entering draw_polished_desktop
[INFO] COMP MARK 4: immediately after first desktop render
[INFO] COMP MARK 5: immediately after first framebuffer flip/present
[INFO] VX: click (765,98) cc_open=0 launcher=0
[INFO] COMPOSITOR RUNNING (one-time log; periodic logs disabled to avoid serial throttling)
[INFO] VX: click (772,105) cc_open=0 launcher=0
[INFO] VX: click (27,726) cc_open=0 launcher=0
[INFO] VX: click (391,421) cc_open=0 launcher=1
